../Core/Src/main.c:68:7:GetTemperature	16	static
../Core/Src/main.c:82:6:WriteTemperatureToEEPROM	48	static
../Core/Src/main.c:106:5:main	104	static
../Core/Src/main.c:190:6:SystemClock_Config	88	static
../Core/Src/main.c:232:13:MX_ADC1_Init	24	static
../Core/Src/main.c:284:13:MX_I2C1_Init	8	static
../Core/Src/main.c:316:13:MX_DMA_Init	16	static
../Core/Src/main.c:334:13:MX_GPIO_Init	40	static
../Core/Src/main.c:369:6:StartTask01	16	static
../Core/Src/main.c:387:6:StartTask02	24	static
../Core/Src/main.c:410:6:StartTask03	32	static
../Core/Src/main.c:443:6:HAL_TIM_PeriodElapsedCallback	16	static
../Core/Src/main.c:460:6:Error_Handler	4	static,ignoring_inline_asm
